33f80000 T _start
33f80020 t _undefined_instruction
33f80024 t _software_interrupt
33f80028 t _prefetch_abort
33f8002c t _data_abort
33f80030 t _not_used
33f80034 t _irq
33f80038 t _fiq
33f80040 t _TEXT_BASE
33f80044 T _armboot_start
33f80048 T _bss_start
33f8004c T _bss_end
33f80050 T FREE_RAM_END
33f80054 T FREE_RAM_SIZE
33f80058 T PreLoadedONRAM
33f8005c T IRQ_STACK_START
33f80060 T FIQ_STACK_START
33f80064 t reset
33f80118 t stack_setup
33f8012c t relocate
33f8014c t clear_bss
33f80158 t clbss_l
33f80168 t SetLoadFlag
33f80184 t _start_armboot
33f80188 t wake_up
33f801bc t cpu_init_crit
33f80200 t undefined_instruction
33f80260 t software_interrupt
33f802c0 t prefetch_abort
33f80320 t data_abort
33f80380 t not_used
33f803e0 T Launch
33f80450 t On_Steppingstone
33f804a0 t irq
33f804b4 t int_return
33f804c0 t fiq
33f80560 t s3c2410_wait_idle
33f80578 t s3c2410_nand_select_chip
33f8058c t s3c2410_nand_deselect_chip
33f805a0 t s3c2410_write_addr
33f805d4 t s3c2440_wait_idle
33f805ec t s3c2440_nand_select_chip
33f80600 t s3c2440_nand_deselect_chip
33f80614 t wait_idle
33f8063c t nand_select_chip
33f80664 t nand_deselect_chip
33f8068c t write_cmd
33f806c4 t read_data
33f80704 t delay
33f80710 T nand_init_ll
33f807b0 T nand_read_ll
33f80874 T nand_read_ll_lp
33f80950 T bBootFrmNORFlash
33f80978 T CopyCode2Ram
33f809f4 T clock_init
33f80aa4 t _TEXT_BASE
33f80aa8 T lowlevel_init
33f80ad4 t SMRDATA
33f80b08 T enable_interrupts
33f80b18 T disable_interrupts
33f80b34 T bad_mode
33f80b50 T show_regs
33f80c90 T do_undefined_instruction
33f80cb4 T do_software_interrupt
33f80cd8 T do_prefetch_abort
33f80cfc T do_data_abort
33f80d20 T do_not_used
33f80d44 T do_fiq
33f80d68 T do_irq
33f80d8c T Dummy_isr
33f80db4 T interrupt_init
33f80e2c T set_timer
33f80e3c T reset_timer_masked
33f80e64 T reset_timer
33f80e68 T get_timer_masked
33f80eb4 T get_timer
33f80ec8 T udelay
33f80f1c T udelay_masked
33f80f90 T get_ticks
33f80fa0 T get_tbclk
33f80fac T reset_cpu
33f80fcc T ClearPending
33f80fe8 T IsrTimer4
33f81008 T IsrWatchdog
33f81038 T Timer_InitEx
33f81080 T Timer_StartEx
33f810d8 T Timer_StopEx
33f81148 T Isr_Init
33f811d8 T IRQ_Handle
33f81228 t get_PLLCLK
33f812b4 T get_FCLK
33f812bc T get_HCLK
33f81360 T get_PCLK
33f81414 T get_UCLK
33f8141c T __udivsi3
33f81434 t Loop1
33f81448 t Lbignum
33f8145c t Loop3
33f8149c t Lgot_result
33f814a4 t Ldiv0
33f814b4 t display_dram_config
33f814e4 t display_banner
33f81504 t init_baudrate
33f81560 T sbrk
33f81598 T display_flash_config
33f815c0 T hang
33f815d4 T start_armboot
33f817b0 T __div0
33f817b4 t __fswab32
33f817d0 t startAgainTimeout
33f817e4 t startAgainHandler
33f817e8 t NetCopyIP
33f817f0 t NetReadIP
33f8180c t PingHandler
33f81834 t PingTimeout
33f81850 T NetSetHandler
33f81860 T NetSetTimeout
33f81890 T NetStartAgain
33f81910 T NetSendPacket
33f81914 T NetCksum
33f8194c T NetCksumOk
33f81970 T NetEthHdrSize
33f819b0 T NetSetEther
33f81a54 T ArpRequest
33f81b5c T ArpTimeoutCheck
33f81bd0 T PingSend
33f81d18 T NetSetIP
33f81e40 T NetSendUDPPacket
33f81f7c T copy_filename
33f81fc0 T ip_to_string
33f82004 T string_to_ip
33f8206c T VLAN_to_string
33f820c0 T string_to_VLAN
33f82118 T print_IPaddr
33f82134 T NetReceive
33f82644 T getenv_IPaddr
33f82654 T getenv_VLAN
33f82664 T NetLoop
33f82a24 t TftpSend
33f82b94 t TftpTimeout
33f82bf0 t TftpHandler
33f82e38 T TftpStart
33f8302c t __fswab32
33f83048 t NetCopyIP
33f83050 t BootpHandler
33f83400 t NetWriteIP.clone.0
33f83420 T BootpRequest
33f83618 t BootpTimeout
33f83660 t RarpHandler
33f836bc T RarpRequest
33f837b4 t RarpTimeout
33f837fc T eth_initialize
33f83804 t __fswab32
33f83820 t NfsTimeout
33f83844 t basename
33f83884 t rpc_add_credentials
33f83958 t rpc_lookup_reply
33f839f8 t rpc_req
33f83af0 t rpc_lookup_req
33f83b50 t nfs_mount_req
33f83be4 t nfs_umountall_req
33f83c3c t nfs_lookup_req
33f83ce4 t nfs_read_req
33f83d5c t nfs_readlink_req
33f83dac t NfsSend
33f83e40 t NfsHandler
33f84338 T NfsStart
33f84574 t flash_make_cmd
33f845c0 t flash_write_cmd
33f8464c t flash_isequal
33f84704 t flash_isset
33f847c0 t cmdset_intel_read_jedec_ids
33f8482c t flash_status_check
33f84a08 t flash_full_status_check
33f84b7c t flash_add_byte.clone.2
33f84c14 t flash_unlock_seq.clone.6
33f84c44 t flash_write_cfiword
33f84e38 t cmdset_amd_read_jedec_ids
33f84f14 t __flash_read64
33f84f14 W flash_read64
33f84f28 T flash_sector_size
33f84f6c T flash_erase
33f85158 T flash_print_info
33f8536c T write_buff
33f85a40 T flash_read_jedec_ids
33f85aa0 T flash_get_size
33f86304 T flash_init
33f864ec T jedec_flash_match
33f866b4 T jedec_flash_probe
33f86710 t dm9000_outblk_8bit
33f86734 t dm9000_outblk_16bit
33f86764 t dm9000_outblk_32bit
33f86798 t dm9000_inblk_8bit
33f867bc t dm9000_inblk_16bit
33f867ec t dm9000_inblk_32bit
33f86820 t dm9000_rx_status_32bit
33f86840 t dm9000_rx_status_16bit
33f86860 t dm9000_rx_status_8bit
33f86890 t phy_write
33f868fc t phy_read
33f86958 t dm9000_reset
33f86a14 T eth_send
33f86aec T eth_halt
33f86b34 T eth_rx
33f86c80 T read_srom_word
33f86ce4 T eth_init
33f87294 T write_srom_word
33f872fc T nand_init
33f87380 t generic_ffs
33f873d0 t nand_release_device
33f873e8 t nand_read_byte
33f873f8 t nand_write_byte
33f8740c t nand_read_byte16
33f87420 t nand_write_byte16
33f87434 t nand_read_word
33f87444 t nand_write_word
33f8745c t nand_write_buf
33f87488 t nand_read_buf
33f874b0 t nand_verify_buf
33f874f0 t nand_write_buf16
33f87520 t nand_read_buf16
33f8754c t nand_verify_buf16
33f87590 t nand_check_wp
33f875cc t nand_write_oob
33f87774 t single_erase_cmd
33f877b0 t multi_erase_cmd
33f8783c t nand_sync
33f87840 t nand_block_isbad
33f87878 t nand_block_markbad
33f878b4 t nand_prepare_oobbuf
33f879a0 t nand_read_oob
33f87b64 t nand_read_ecc
33f8823c t nand_read
33f88268 t nand_command_lp
33f8847c t nand_block_bad
33f88598 t nand_command
33f887a8 t nand_default_block_markbad
33f8883c t nand_select_chip
33f888a0 t nand_wait
33f88974 t nand_write_ecc
33f88f30 t nand_write
33f88f5c T nand_read_raw
33f890c4 T nand_write_calmecc
33f89348 T nand_erase_nand
33f89534 t nand_erase
33f8953c T nand_scan
33f89e1c T nand_release
33f89e58 T nand_calculate_ecc
33f89f58 T nand_correct_data
33f8a0d0 t check_pattern
33f8a184 t read_bbt
33f8a384 t read_abs_bbt
33f8a468 t write_bbt
33f8aabc t create_bbt
33f8ac7c t search_bbt
33f8ae78 T nand_update_bbt
33f8afb4 t mark_bbt_region
33f8b138 T nand_scan_bbt
33f8b5d8 T nand_default_bbt
33f8b698 T nand_isbad_bbt
33f8b6ec T UsbdMain
33f8b700 T IsrUsbd
33f8b7e8 T _WrDbgStrFifo
33f8b818 T DbgPrintf
33f8b824 t RdPktEp3_CheckSum
33f8b874 T Ep3Handler
33f8ba20 T IsrDma2
33f8bbbc T ClearEp3OutPktReady
33f8bbe0 T PrintEp0Pkt
33f8bc24 T Ep0Handler
33f8c6a4 T InitDescriptorTable
33f8c7c8 T awaitkey
33f8c838 T Port_Init
33f8c938 T usb_init
33f8caa0 T usb_receive
33f8ccec T HaltUndef
33f8cd00 T HaltSwi
33f8cd14 T HaltPabort
33f8cd28 T HaltDabort
33f8cd3c T Clk0_Enable
33f8cd6c T Clk1_Enable
33f8cd9c T Clk0_Disable
33f8cdb8 T Clk1_Disable
33f8cdd4 T PrepareEp1Fifo
33f8ce44 T Ep1Handler
33f8cef0 T ReconfigUsbd
33f8cfcc T ConfigUsbd
33f8cff0 T RdPktEp0
33f8d01c T WrPktEp0
33f8d048 T WrPktEp1
33f8d074 T WrPktEp2
33f8d0a0 T RdPktEp3
33f8d0cc T RdPktEp4
33f8d0f8 T ConfigEp3DmaMode
33f8d18c T ConfigEp3IntMode
33f8d1d4 t delete_char.clone.0
33f8d2b0 T readline
33f8d474 T run_command
33f8d898 T main_loop
33f8dab8 T do_run
33f8db3c t __fswab32
33f8db58 T autoscript
33f8dd04 T do_autoscript
33f8dd44 T do_bdinfo
33f8de30 T do_go
33f8deb4 t __fswab32
33f8ded0 t zfree
33f8ded8 t zalloc
33f8dee8 T do_bootd
33f8df0c T print_image_hdr
33f8e0b4 t do_imls
33f8e1c8 t image_info
33f8e2b8 T do_iminfo
33f8e318 T gunzip
33f8e468 T do_bootm
33f8ea28 t on_off
33f8ea68 T do_dcache
33f8eaf0 T do_icache
33f8eb78 T do_coninfo
33f8ec40 t cnvrt2
33f8ec80 T mk_date
33f8ee48 T do_date
33f8ef54 T valid_elf_image
33f8efa0 T load_elf_image
33f8f0a8 T do_bootvx
33f8f234 T do_bootelf
33f8f2d4 t flash_fill_sect_ranges
33f8f490 t addr_spec
33f8f5ec t abbrev_spec
33f8f738 T do_flinfo
33f8f7b4 T flash_sect_erase
33f8f890 T do_flerase
33f8fae0 T flash_sect_protect
33f8fbe0 T do_protect
33f8ff64 t evalstr
33f8ff80 t evalexp
33f8ffc8 T binary_test
33f901a8 T do_itest
33f90254 t device_find
33f902a4 t jffs2_part_info
33f9032c t part_validate
33f90504 t index_partitions
33f905c8 t memsize_format
33f9061c t current_save
33f906b8 t part_sort_add
33f907e0 t part_delall
33f90824 t device_del
33f90890 t memsize_parse
33f908f8 t device_parse
33f90db4 t device_delall.clone.4
33f90e14 t devices_init
33f90e38 t generate_mtdparts_save.clone.3
33f910f8 T id_parse
33f911dc T find_dev_and_part
33f91380 T mtdparts_init
33f919a8 T do_jffs2_mtdparts
33f91efc T do_jffs2_chpart
33f91fac T do_jffs2_fsinfo
33f9203c T do_jffs2_ls
33f920b8 T do_jffs2_fsload
33f9222c t bin_data_init
33f9224c t bin_data_char
33f92280 t load_serial_xmodem
33f923b4 t load_serial_ymodem
33f924e8 t getcxmodem
33f92508 t load_serial
33f92740 T do_load_serial
33f92818 T send_pad
33f92844 T ktrans
33f9286c T chk1
33f92894 T s1_sendpacket
33f928b8 T send_ack
33f92918 T send_nack
33f92978 T k_data_init
33f92998 T k_data_save
33f929c4 T k_data_restore
33f929f0 T k_data_char
33f92a44 T handle_send_packet
33f92c08 T do_load_serial_bin
33f9309c T do_mem_base
33f930e0 T do_mem_crc
33f931a0 T do_mem_mtest
33f932c4 T cmd_get_data_size
33f93314 T do_mem_loop
33f9341c T do_mem_cp
33f93550 T do_mem_cmp
33f936ec T do_mem_mw
33f937bc t mod_mem.clone.0
33f93918 T do_mem_nm
33f93940 T do_mem_mm
33f93968 T do_mem_md
33f93b44 T do_sleep
33f93bd4 t __fswab32
33f93bf0 t str2long
33f93c2c t arg_off_size
33f93de0 t nand_load_image
33f93f2c T do_nandboot
33f94130 T do_nand
33f94d68 T do_ping
33f94df8 t netboot_common
33f950a8 T do_nfs
33f950b4 T do_rarpb
33f950c0 T do_tftpb
33f950cc T do_bootp
33f950d8 t envmatch
33f95150 T do_saveenv
33f9517c T do_printenv
33f9532c T _do_setenv
33f957b4 T do_setenv
33f957f0 T setenv
33f9581c T getenv
33f958a0 T getenv_r
33f95974 T do_usbslave
33f95ab4 T param_menu_usage
33f95b10 T param_menu_shell
33f95c40 T main_menu_usage
33f95d28 T menu_shell
33f96010 T do_menu
33f96020 T do_echo
33f9609c T do_version
33f960bc T find_cmd
33f96150 T do_help
33f96308 t console_setfile
33f963b0 T serial_printf
33f963ec T fgetc
33f96418 T ftstc
33f96444 T fputc
33f96470 T fputs
33f96498 T fprintf
33f964dc T getc
33f964f4 T tstc
33f9650c T putc
33f9652c T puts
33f96548 T printf
33f96584 T vprintf
33f965b4 T ctrlc
33f96600 T disable_ctrlc
33f96618 T had_ctrlc
33f96628 T clear_ctrlc
33f9663c T dbg
33f96648 T console_assign
33f966d8 T console_init_f
33f966e8 T console_init_r
33f96874 T device_register
33f96898 T devices_init
33f96944 T devices_done
33f96960 T malloc_bin_reloc
33f96990 T malloc_trim
33f96a60 T free
33f96c8c T cfree
33f96c90 T malloc
33f97208 T calloc
33f972e8 T memalign
33f973f8 T pvalloc
33f97410 T valloc
33f9741c T realloc
33f9786c T malloc_usable_size
33f978ac T mallopt
33f97920 T env_get_char_memory
33f97944 t env_get_char_init
33f97964 T env_crc_update
33f97990 T env_get_addr
33f979b4 T env_relocate
33f97a44 t use_default
33f97ad0 T env_get_char_spec
33f97adc T env_init
33f97af8 T saveenv
33f97bbc T env_relocate_spec
33f97c3c t dummy
33f97c40 T get_version
33f97c48 T jumptable_init
33f97d04 T flash_protect
33f97dfc T addr2info
33f97e4c T flash_write
33f97fa0 T flash_perror
33f98080 T NewHandle
33f980dc T DisposeHandle
33f980fc T GetHandleSize
33f98104 T SetHandleSize
33f98180 T ListCreate
33f981e0 T ListSetAllocationPolicy
33f981f4 T ListDispose
33f981f8 T ListInsertItems
33f983bc T ListInsertItem
33f983c4 T ListGetItems
33f98404 T ListGetPtrToItem
33f98434 T ListGetDataPtr
33f98440 T ListGetItemSize
33f9844c T ListNumItems
33f98458 t hex1_bin
33f98490 t hex2_bin
33f984c4 T srec_decode
33f9873c T CYGACC_COMM_IF_GETC_TIMEOUT
33f98790 t xyzModem_flush
33f987bc t xyzModem_get_hdr
33f98a34 T CYGACC_COMM_IF_PUTC
33f98a3c T parse_num
33f98b50 T xyzModem_stream_open
33f98c90 T xyzModem_stream_read
33f98ee0 T xyzModem_stream_close
33f98f30 T xyzModem_stream_terminate
33f98fc8 T xyzModem_error
33f98fe8 T do_suspend
33f990bc T cyg_crc16
33f99104 T crc32
33f99210 T crc32_no_comp
33f99314 T display_options
33f99334 T print_size
33f993d0 T strcpy
33f993ec T strncpy
33f99414 T strcat
33f99444 T strncat
33f99494 T strcmp
33f994c4 T strncmp
33f9950c T strchr
33f99540 T strlen
33f9955c T strrchr
33f99598 T strnlen
33f995c0 T strdup
33f995f0 T strspn
33f99630 T strpbrk
33f9966c T strtok
33f996e8 T strsep
33f9971c T strswab
33f99768 T memset
33f99784 T bcopy
33f997ac T memcpy
33f997d0 T memmove
33f99820 T memcmp
33f99858 T memscan
33f99880 T strstr
33f998e0 T memchr
33f99914 t number
33f99b20 T simple_strtoul
33f99bcc T simple_strtol
33f99bf4 T vsprintf
33f99fa8 T sprintf
33f99fcc T panic
33f9a018 t falloc
33f9a03c t ffree
33f9a040 t inflate_trees_free
33f9a07c t huft_build
33f9a5f4 t inflate_trees_fixed
33f9a7d0 t inflate_blocks_reset
33f9a8a4 T adler32
33f9aa1c t inflate_flush
33f9ab90 T inflateReset
33f9abec T inflateEnd
33f9ac80 T inflateInit2
33f9add0 T inflateInit
33f9add8 T inflate
33f9ca2c T inflateIncomp
33f9cb5c T inflateSync
33f9cc54 T board_init
33f9cd28 T dram_init
33f9cd48 T board_flash_get_legacy
33f9cd64 t write_p15_c1
33f9cd70 t cp_delay
33f9cd9c T cpu_init
33f9cdf4 T cleanup_before_linux
33f9ce1c T do_reset
33f9ce34 T icache_enable
33f9ce4c T icache_disable
33f9ce64 T icache_status
33f9ce78 T dcache_enable
33f9ce90 T dcache_disable
33f9cea8 T dcache_status
33f9cec0 T s3c2440_cpu_suspend
33f9cf20 t s3c2440_do_sleep
33f9cf34 t s3c2440_do_resume
33f9cf60 T serial_setbrg
33f9cfa8 T serial_init
33f9cfb8 T serial_getc
33f9cfd4 T serial_putc
33f9d000 T serial_tstc
33f9d010 T serial_puts
33f9d030 t s3c2410_nand_select_chip
33f9d054 t s3c2410_nand_devready
33f9d064 t s3c2440_nand_select_chip
33f9d088 t s3c2440_nand_devready
33f9d098 t s3c2440_nand_hwcontrol
33f9d0fc t s3c2410_nand_hwcontrol
33f9d160 T board_nand_init
33f9d238 T __ashldi3
33f9d254 T __ashrdi3
33f9d280 T __divsi3
33f9d398 t Ldiv0
33f9d3c0 T __modsi3
33f9d494 t Ldiv0
33f9d4c0 T __umodsi3
33f9d4d4 t Loop1
33f9d4e8 t Lbignum
33f9d4fc t Loop3
33f9d564 t Ldiv0
33f9d574 t __fswab32
33f9d590 t setup_memory_tags
33f9d5cc t setup_start_tag.clone.0
33f9d604 t setup_end_tag.clone.1
33f9d620 t setup_commandline_tag.clone.2
33f9d694 T do_bootm_linux
33f9d8c0 T do_bootm_rawLinux
33f9d920 T flush_cache
33f9d924 t cramfs_read_super
33f9da5c t cramfs_resolve
33f9dbb0 t cramfs_uncompress
33f9dc44 t cramfs_list_inode
33f9dda0 T cramfs_load
33f9de78 T cramfs_ls
33f9dfd8 T cramfs_info
33f9e0b0 T cramfs_check
33f9e11c t zfree
33f9e124 t zalloc
33f9e134 T cramfs_uncompress_block
33f9e180 T cramfs_uncompress_init
33f9e1dc T cramfs_uncompress_exit
33f9e1f4 t insert_node
33f9e2b0 t put_fl_mem
33f9e2d4 t get_fl_mem_nand
33f9e498 t get_node_mem
33f9e56c t get_fl_mem
33f9e5dc t jffs2_1pass_find_inode.clone.3
33f9e758 t jffs2_1pass_search_inode
33f9e894 t jffs2_1pass_read_inode.clone.4
33f9eaf8 T jffs2_free_cache
33f9eb4c T mkmodestr
33f9ec68 t jffs2_1pass_search_list_inodes.clone.7
33f9f238 T jffs2_1pass_rescan_needed
33f9f2a8 t jffs2_get_list
33f9f708 T jffs2_1pass_ls
33f9f750 T jffs2_1pass_load
33f9fa0c T jffs2_1pass_info
33f9fb2c T rtime_decompress
33f9fbd8 T rubin_do_decompress
33f9fcb0 T dynrubin_decompress
33f9fce8 T zlib_decompress
33f9fd00 t fill_code_tables
33f9fdd4 T cramfs_memset
33f9fdf0 t init_code_tables
33f9fe2c T pull_bits
33f9fe84 T pull_bit
33f9febc t read_symbol
33f9ff44 t decompress_huffman
33fa0070 T decompress_block
33fa0620 T GregorianDay
33fa0710 T to_tm
33fa0818 T mktime
33fa08b0 t SetRTC_Access
33fa08e0 t bcd2bin
33fa08f4 t bin2bcd
33fa0920 T rtc_get
33fa0a10 T rtc_set
33fa0aa8 T rtc_reset
33fa0acc t nand_block_bad_scrub
33fa0ad4 T nand_erase_opts
33fa0e04 T nand_write_opts
33fa1318 T nand_read_opts
33fa16c4 T nand_lock
33fa1734 T nand_get_lock_status
33fa17c0 T nand_unlock
33fa18e8 r C.0.2691
33fa1968 R version_string
33fa19b0 r flash_offset_cfi
33fa19b8 r C.3.3468
33fa19c0 r jedec_table
33fa2cb0 r unlock_addrs
33fa2ce8 r default_nand_name
33fa2cf0 r __FUNCTION__.2887
33fa2d04 r nand_ecc_precalc_table
33fa2e04 r descStr0
33fa2e08 r descStr1
33fa2e20 r descStr2
33fa2e4c r CSWTCH.60
33fa2e98 r CSWTCH.63
33fa2ee0 r CSWTCH.66
33fa2f04 r CSWTCH.69
33fa2f10 r CSWTCH.52
33fa2f68 r CSWTCH.13
33fa2f88 r crc16_tab
33fa3188 r crc_table
33fa3588 r border
33fa35d4 r inflate_mask
33fa3618 r __FUNCTION__.2570
33fa3630 r __FUNCTION__.2548
33fa3648 r year_lengths.1800
33fa3650 r mon_lengths.1799
33fa36b0 r day_name.1793
33fa36c8 r mon_name.1794
33fa36ec r spinner
33fa36f0 r compr_names
33fa370c r huffman_order
33fa3720 r C.4.2776
33fab7b8 D init_sequence
33fab7e4 D NetOurVLAN
33fab7e8 D NetBcastAddr
33fab7ee D NetOurNativeVLAN
33fab7f0 d nfs_offset
33fab7f4 D nand_curr_device
33fab7f8 d ffchars
33fab838 d nand_oob_8
33fab900 d nand_oob_16
33fab9c8 d nand_oob_64
33faba90 D nand_flash_ids
33fabfa0 D nand_manuf_ids
33fabfd8 d largepage_flashbased
33fabffc d smallpage_flashbased
33fac020 d largepage_memorybased
33fac044 d smallpage_memorybased
33fac068 d bbt_main_descr
33fac08c d bbt_mirror_descr
33fac0b0 d agand_flashbased
33fac0d4 d bbt_pattern
33fac0d8 d mirror_pattern
33fac0dc d scan_agand_pattern
33fac0e4 d scan_ff_pattern
33fac0e8 D Selfpwr
33fac0e9 D Configuration
33fac0ec d erase_seq
33fac0f0 d tab_seq
33fac0fc D load_addr
33fac100 D weekdays
33fac11c D op_table
33fac184 d do_echo
33fac188 D dp_last_length
33fac18c D g_bUSBWait
33fac190 D stdio_names
33fac19c d av_
33fac5a4 d sbrk_base
33fac5a8 d trim_threshold
33fac5ac d mmap_threshold
33fac5b0 D default_environment
33fac6b0 D env_get_char
33fac6b4 D default_environment_size
33fac6b8 D env_name_spec
33fac6bc D _ctype
33fac7bc d fixed_left
33fac7c0 d cplens
33fac83c d cplext
33fac8b8 d cpdist
33fac930 d cpdext
33fac9a8 D zlib_version
33fac9ac D z_errmsg
33fac9cc d nand_cache_off
33fac9d0 d month_days
33faca00 d jffs2_oobinfo
33facac8 d yaffs_oobinfo
33facb90 d autoplace_oobinfo
33facc58 A __u_boot_cmd_start
33facc58 D __u_boot_cmd_autoscr
33facc70 D __u_boot_cmd_bdinfo
33facc88 D __u_boot_cmd_go
33facca0 D __u_boot_cmd_reset
33faccb8 D __u_boot_cmd_bootm
33faccd0 D __u_boot_cmd_boot
33facce8 D __u_boot_cmd_bootd
33facd00 D __u_boot_cmd_iminfo
33facd18 D __u_boot_cmd_imls
33facd30 D __u_boot_cmd_icache
33facd48 D __u_boot_cmd_dcache
33facd60 D __u_boot_cmd_coninfo
33facd78 D __u_boot_cmd_date
33facd90 D __u_boot_cmd_bootelf
33facda8 D __u_boot_cmd_bootvx
33facdc0 D __u_boot_cmd_flinfo
33facdd8 D __u_boot_cmd_erase
33facdf0 D __u_boot_cmd_protect
33face08 D __u_boot_cmd_itest
33face20 D __u_boot_cmd_fsload
33face38 D __u_boot_cmd_ls
33face50 D __u_boot_cmd_fsinfo
33face68 D __u_boot_cmd_chpart
33face80 D __u_boot_cmd_mtdparts
33face98 D __u_boot_cmd_loads
33faceb0 D __u_boot_cmd_loadb
33facec8 D __u_boot_cmd_loadx
33facee0 D __u_boot_cmd_loady
33facef8 D __u_boot_cmd_md
33facf10 D __u_boot_cmd_mm
33facf28 D __u_boot_cmd_nm
33facf40 D __u_boot_cmd_mw
33facf58 D __u_boot_cmd_cp
33facf70 D __u_boot_cmd_cmp
33facf88 D __u_boot_cmd_crc32
33facfa0 D __u_boot_cmd_base
33facfb8 D __u_boot_cmd_loop
33facfd0 D __u_boot_cmd_mtest
33facfe8 D __u_boot_cmd_sleep
33fad000 D __u_boot_cmd_nand
33fad018 D __u_boot_cmd_nboot
33fad030 D __u_boot_cmd_bootp
33fad048 D __u_boot_cmd_tftpboot
33fad060 D __u_boot_cmd_rarpboot
33fad078 D __u_boot_cmd_nfs
33fad090 D __u_boot_cmd_ping
33fad0a8 D __u_boot_cmd_printenv
33fad0c0 D __u_boot_cmd_setenv
33fad0d8 D __u_boot_cmd_saveenv
33fad0f0 D __u_boot_cmd_run
33fad108 D __u_boot_cmd_usbslave
33fad120 D __u_boot_cmd_menu
33fad138 D __u_boot_cmd_version
33fad150 D __u_boot_cmd_echo
33fad168 D __u_boot_cmd_help
33fad180 D __u_boot_cmd_question_mark
33fad198 D __u_boot_cmd_suspend
33fad1b0 A __bss_start
33fad1b0 A __u_boot_cmd_end
33fad1b0 B intregs
33fad1b4 B timer_load_val
33fad1b8 b lastdec
33fad1bc b timestamp
33fad1c0 B g_TimerIntHappen
33fad1c4 b intCount
33fad1c8 B isr_handle_array
33fad290 b mem_malloc_brk
33fad294 b mem_malloc_start
33fad298 b mem_malloc_end
33fad29c B monitor_flash_len
33fad2a0 B NetState
33fad2a4 B NetPingIP
33fad2a8 b packetHandler
33fad2ac b timeHandler
33fad2b0 b timeStart
33fad2b4 b timeDelta
33fad2b8 B NetOurEther
33fad2c0 B NetTxPacket
33fad2c4 B NetOurIP
33fad2c8 B NetArpWaitPacketIP
33fad2cc B NetOurSubnetMask
33fad2d0 B NetOurGatewayIP
33fad2d4 B NetArpWaitReplyIP
33fad2d8 B NetArpWaitTimerStart
33fad2dc B NetArpWaitTry
33fad2e0 b mac.2195
33fad2e8 B NetEtherNullAddr
33fad2f0 B NetArpWaitPacketMAC
33fad2f4 B NetArpWaitTxPacket
33fad2f8 B NetIPID
33fad2fc b PingSeqNo
33fad300 B NetArpWaitTxPacketSize
33fad304 B NetRxPkt
33fad308 B NetRxPktLen
33fad30c B NetServerIP
33fad310 B NetServerEther
33fad318 B PktBuf
33faf138 B NetRxPackets
33faf148 B NetArpWaitPacketBuf
33faf768 B NetBootFileXferSize
33faf76c B NetOurDNSIP
33faf770 B NetOurNISDomain
33faf790 B NetOurHostName
33faf7b0 B NetOurRootPath
33faf7f0 B NetBootFileSize
33faf7f4 B BootFile
33faf874 b TftpState
33faf878 b tftp_filename
33faf87c b TftpBlock
33faf880 b TftpServerPort
33faf884 b TftpOurPort
33faf888 b TftpTimeoutCount
33faf88c b TftpBlockWrap
33faf890 b TftpBlockWrapOffset
33faf894 b TftpLastBlock
33faf898 b default_filename
33faf8a8 B BootpID
33faf8ac B BootpTry
33faf8b0 B RarpTry
33faf8b4 b rpc_id
33faf8b8 b NfsSrvMountPort
33faf8bc b NfsSrvNfsPort
33faf8c0 b NfsServerIP
33faf8c4 b NfsOurPort
33faf8c8 b fs_mounted
33faf8cc b dirfh
33faf8ec b filefh
33faf90c b NfsState
33faf910 b nfs_path
33faf914 b nfs_filename
33faf918 b nfs_len
33faf91c b NfsDownloadState
33faf920 b nfs_path_buff
33fb0120 b default_filename
33fb0160 b NfsTimeoutCount
33fb0164 B flash_info
33fb0ba0 b dm9000_info
33fb0c4c b nfloor
33fb0c50 B nand_info
33fb0d98 b nand_chip
33fb0e54 B dbgStrWrPt
33fb0e58 B dbgStrFifo
33fb1e58 B dbgStrRdPt
33fb1e5c B ep3Buf
33fb1e7c B ep0State
33fb1e80 B descSetup
33fb1e88 b ep0SubState.2305
33fb1e8c B ConfigSet
33fb1e90 B Rwuen
33fb1e94 B StatusGet
33fb1e9c B InterfaceGet
33fb1ea0 B descDev
33fb1eb4 B descConf
33fb1ec0 B descIf
33fb1ecc B descEndpt0
33fb1ed4 B descEndpt1
33fb1edc B ep0SubState
33fb1ee0 B AlterSetting
33fb1ee1 B device_status
33fb1ee2 B interface_status
33fb1ee3 B endpoint0_status
33fb1ee4 B endpoint1_status
33fb1ee5 B endpoint3_status
33fb1ee8 B gpioregs
33fb1eec B clk_powerregs
33fb1ef0 B usbdevregs
33fb1ef4 B dmaregs
33fb1ef8 B isUsbdSetConfiguration
33fb1efc B download_run
33fb1f00 B dwUSBBufBase
33fb1f04 B dwUSBBufReadPtr
33fb1f08 B dwUSBBufWritePtr
33fb1f0c B bDMAPending
33fb1f10 B tempDownloadAddress
33fb1f14 B downloadAddress
33fb1f18 B downPt
33fb1f1c B downloadFileSize
33fb1f20 B dwWillDMACnt
33fb1f24 B totalDmaCount
33fb1f28 B restart
33fb1f2c B err
33fb1f30 B menuUsed
33fb1f34 B run
33fb1f38 B checkSum
33fb1f3c B dwUSBBufSize
33fb1f40 B consoleNum
33fb1f44 B transferIndex
33fb1f48 B ep1Buf
33fb1f68 B console_buffer
33fb2068 b lastcommand.1760
33fb2168 B header
33fb21a8 B devices
33fb21b0 b current_dev
33fb21b4 b current_partnum
33fb21b8 b last_partition
33fb21c8 B mtdids
33fb21d0 b last_parts
33fb23d0 b initialized.2676
33fb23d4 b last_ids
33fb2454 b os_data_state
33fb2458 B os_data_count
33fb245c b os_data_addr
33fb2460 b bin_start_address
33fb2464 B his_pad_count
33fb2468 B his_pad_char
33fb246c b a_b
33fb2484 B his_eol
33fb2488 b k_data_escape
33fb248c B os_data_init
33fb2490 b k_data_escape_saved
33fb2494 b os_data_state_saved
33fb2498 b os_data_count_saved
33fb249c b os_data_addr_saved
33fb24a0 B os_data_char
33fb24a4 B his_quote
33fb24a8 B send_ptr
33fb24ac B send_parms
33fb24c0 B os_data_header
33fb24e0 b base_address
33fb24e4 B mm_last_addr
33fb24e8 B mm_last_size
33fb24ec B dp_last_addr
33fb24f0 B dp_last_size
33fb24f4 B g_dwDownloadLen
33fb24f8 b ctrlc_disabled
33fb24fc b ctrlc_was_pressed
33fb2500 B devlist
33fb2504 B stdio_devices
33fb2510 b current_mallinfo
33fb2538 b top_pad
33fb253c b max_sbrked_mem
33fb2540 b max_total_mem
33fb2544 b n_mmaps_max
33fb2548 B env_ptr
33fb254c b xyz
33fb2988 B ___strtok
33fb298c b fixed_mem
33fb3a1c b fixed_lock
33fb3a20 b fixed_built
33fb3a24 b fixed_bl
33fb3a28 b fixed_tl
33fb3a2c b fixed_bd
33fb3a30 b fixed_td
33fb3a34 b params
33fb3a38 B super
33fb3a84 b stream
33fb3ab8 b current_part
33fb3abc b nand_cache
33fb3ac0 b none_oobinfo
33fb3b88 b data_buf
33fb4388 b oob_buf
33fb43c8 A _end
